2025-12-30 04:49:17,685 [INFO] [CombautoFinal] - 🪟 Windows detected - using ProactorEventLoopPolicy
2025-12-30 04:49:17,685 [INFO] [CombautoFinal] - 🚀 Starting CombautoFinal...
2025-12-30 04:49:17,687 [INFO] [CombautoFinal] - 🔄 Loading state from c:\Codespace\BeyondBinaryBot\data_combauto_v131_run2
2025-12-30 04:49:17,688 [INFO] [CombautoFinal] - ✅ Loaded 0 open buy orders from c:\Codespace\BeyondBinaryBot\data_combauto_v131_run2\open_buy_orders.json
2025-12-30 04:49:17,689 [INFO] [CombautoFinal] - ✅ Loaded 0 open sell orders from c:\Codespace\BeyondBinaryBot\data_combauto_v131_run2\open_sell_orders.json
2025-12-30 04:49:17,701 [INFO] [CombautoFinal] - ✅ Loaded 1 active positions from c:\Codespace\BeyondBinaryBot\data_combauto_v131_run2\active_positions.json
2025-12-30 04:49:17,712 [INFO] [CombautoFinal] - ✅ Loaded 62 trade history records from c:\Codespace\BeyondBinaryBot\data_combauto_v131_run2\trade_history.json
2025-12-30 04:49:17,712 [INFO] [CombautoFinal] - 🚀 CombautoFinal v131 - FIXED - Dual Engine Trading Bot Starting...
2025-12-30 04:49:17,712 [INFO] [CombautoFinal] - 📊 Strategy: Statistical Engine + ML Engine (Threshold: 7+ stars)
2025-12-30 04:49:17,713 [INFO] [CombautoFinal] - 💰 Position Size: $25.00 | Target: +1.1%
2025-12-30 04:49:17,713 [INFO] [CombautoFinal] - 📈 Monitoring: AERO-USD, APT-USD, AVAX-USD, AXS-USD, BCH-USD, BONK-USD, FET-USD, FIL-USD, FLOKI-USD, HBAR-USD, HNT-USD, ICP-USD, IMX-USD, INJ-USD, JASMY-USD, LDO-USD, NEAR-USD, ONDO-USD, OP-USD, PENDLE-USD, PEPE-USD, RNDR-USD, RPL-USD, SEI-USD, SHIB-USD, SOL-USD, TAO-USD, TIA-USD, WIF-USD, WLD-USD
2025-12-30 04:49:17,714 [INFO] [CombautoFinal] - 🔧 Initializing API handler...
2025-12-30 04:49:17,714 [INFO] [CombautoFinal] - 🔧 Initializing product details...
2025-12-30 04:49:21,554 [INFO] [CombautoFinal] - ✅ Product details initialized for 30 symbols
2025-12-30 04:49:21,554 [INFO] [CombautoFinal] - 🤖 Starting ML model training...
2025-12-30 04:49:21,555 [INFO] [CombautoFinal] - 🤖 Training ML models...
2025-12-30 04:49:21,556 [INFO] [CombautoFinal] - Fetching training data for AERO-USD...
2025-12-30 04:49:21,556 [INFO] [CombautoFinal] - Fetching training data for APT-USD...
2025-12-30 04:49:21,560 [INFO] [CombautoFinal] - Fetching training data for AVAX-USD...
2025-12-30 04:49:26,797 [INFO] [CombautoFinal] - Fetching training data for AXS-USD...
2025-12-30 04:49:27,444 [INFO] [CombautoFinal] - Fetching training data for BCH-USD...
2025-12-30 04:49:27,984 [INFO] [CombautoFinal] - Fetching training data for BONK-USD...
2025-12-30 04:49:32,527 [INFO] [CombautoFinal] - Fetching training data for FET-USD...
2025-12-30 04:49:33,444 [INFO] [CombautoFinal] - Fetching training data for FIL-USD...
2025-12-30 04:49:36,190 [INFO] [CombautoFinal] - Fetching training data for FLOKI-USD...
2025-12-30 04:49:38,028 [INFO] [CombautoFinal] - Fetching training data for HBAR-USD...
2025-12-30 04:49:39,027 [INFO] [CombautoFinal] - Fetching training data for HNT-USD...
2025-12-30 04:49:43,291 [INFO] [CombautoFinal] - Fetching training data for ICP-USD...
2025-12-30 04:49:45,894 [INFO] [CombautoFinal] - Fetching training data for IMX-USD...
2025-12-30 04:49:47,954 [INFO] [CombautoFinal] - Fetching training data for INJ-USD...
2025-12-30 04:49:48,727 [INFO] [CombautoFinal] - Fetching training data for JASMY-USD...
2025-12-30 04:49:51,887 [INFO] [CombautoFinal] - Fetching training data for LDO-USD...
2025-12-30 04:49:53,463 [INFO] [CombautoFinal] - Fetching training data for NEAR-USD...
2025-12-30 04:49:55,542 [INFO] [CombautoFinal] - Fetching training data for ONDO-USD...
2025-12-30 04:49:58,660 [INFO] [CombautoFinal] - Fetching training data for OP-USD...
2025-12-30 04:50:00,172 [INFO] [CombautoFinal] - Fetching training data for PENDLE-USD...
2025-12-30 04:50:00,676 [INFO] [CombautoFinal] - Fetching training data for PEPE-USD...
2025-12-30 04:50:06,172 [INFO] [CombautoFinal] - Fetching training data for RNDR-USD...
2025-12-30 04:50:06,515 [INFO] [CombautoFinal] - Fetching training data for RPL-USD...
2025-12-30 04:50:06,560 [INFO] [CombautoFinal] - Fetching training data for SEI-USD...
2025-12-30 04:50:08,907 [INFO] [CombautoFinal] - Fetching training data for SHIB-USD...
2025-12-30 04:50:11,841 [INFO] [CombautoFinal] - Fetching training data for SOL-USD...
2025-12-30 04:50:14,421 [INFO] [CombautoFinal] - Fetching training data for TAO-USD...
2025-12-30 04:50:16,906 [INFO] [CombautoFinal] - Fetching training data for TIA-USD...
2025-12-30 04:50:19,688 [INFO] [CombautoFinal] - Fetching training data for WIF-USD...
2025-12-30 04:50:22,243 [INFO] [CombautoFinal] - Fetching training data for WLD-USD...
2025-12-30 04:50:29,348 [INFO] [CombautoFinal] - Training model for AERO-USD (4320 candles)...
2025-12-30 04:50:34,230 [INFO] [CombautoFinal] - ✅ Model trained for AERO-USD (AUC: 0.927)
2025-12-30 04:50:34,231 [INFO] [CombautoFinal] - Training model for APT-USD (4320 candles)...
2025-12-30 04:50:41,353 [INFO] [CombautoFinal] - ✅ Model trained for APT-USD (AUC: 0.880)
2025-12-30 04:50:41,353 [INFO] [CombautoFinal] - Training model for AVAX-USD (4320 candles)...
2025-12-30 04:50:49,095 [INFO] [CombautoFinal] - ✅ Model trained for AVAX-USD (AUC: 0.930)
2025-12-30 04:50:49,096 [INFO] [CombautoFinal] - Training model for AXS-USD (4320 candles)...
2025-12-30 04:51:00,480 [INFO] [CombautoFinal] - ✅ Model trained for AXS-USD (AUC: 0.908)
2025-12-30 04:51:00,480 [INFO] [CombautoFinal] - Training model for BCH-USD (4320 candles)...
2025-12-30 04:51:06,611 [INFO] [CombautoFinal] - ✅ Model trained for BCH-USD (AUC: 0.931)
2025-12-30 04:51:06,612 [INFO] [CombautoFinal] - Training model for BONK-USD (4320 candles)...
2025-12-30 04:51:12,791 [INFO] [CombautoFinal] - ✅ Model trained for BONK-USD (AUC: 0.936)
2025-12-30 04:51:12,792 [INFO] [CombautoFinal] - Training model for FET-USD (4320 candles)...
2025-12-30 04:51:19,549 [INFO] [CombautoFinal] - ✅ Model trained for FET-USD (AUC: 0.874)
2025-12-30 04:51:19,550 [INFO] [CombautoFinal] - Training model for FIL-USD (4320 candles)...
2025-12-30 04:51:27,437 [INFO] [CombautoFinal] - ✅ Model trained for FIL-USD (AUC: 0.898)
2025-12-30 04:51:27,438 [INFO] [CombautoFinal] - Training model for FLOKI-USD (4320 candles)...
2025-12-30 04:51:33,546 [INFO] [CombautoFinal] - ✅ Model trained for FLOKI-USD (AUC: 0.909)
2025-12-30 04:51:33,547 [INFO] [CombautoFinal] - Training model for HBAR-USD (4320 candles)...
2025-12-30 04:51:38,490 [INFO] [CombautoFinal] - ✅ Model trained for HBAR-USD (AUC: 0.898)
2025-12-30 04:51:38,491 [INFO] [CombautoFinal] - Training model for HNT-USD (4320 candles)...
2025-12-30 04:51:46,974 [INFO] [CombautoFinal] - ✅ Model trained for HNT-USD (AUC: 0.894)
2025-12-30 04:51:46,975 [INFO] [CombautoFinal] - Training model for ICP-USD (4320 candles)...
2025-12-30 04:51:53,019 [INFO] [CombautoFinal] - ✅ Model trained for ICP-USD (AUC: 0.901)
2025-12-30 04:51:53,019 [INFO] [CombautoFinal] - Training model for IMX-USD (4320 candles)...
2025-12-30 04:52:01,554 [INFO] [CombautoFinal] - ✅ Model trained for IMX-USD (AUC: 0.870)
2025-12-30 04:52:01,554 [INFO] [CombautoFinal] - Training model for INJ-USD (4320 candles)...
2025-12-30 04:52:10,192 [INFO] [CombautoFinal] - ✅ Model trained for INJ-USD (AUC: 0.951)
2025-12-30 04:52:10,193 [INFO] [CombautoFinal] - Training model for JASMY-USD (4320 candles)...
2025-12-30 04:52:17,145 [INFO] [CombautoFinal] - ✅ Model trained for JASMY-USD (AUC: 0.953)
2025-12-30 04:52:17,146 [INFO] [CombautoFinal] - Training model for LDO-USD (4320 candles)...
2025-12-30 04:52:25,790 [INFO] [CombautoFinal] - ✅ Model trained for LDO-USD (AUC: 0.935)
2025-12-30 04:52:25,791 [INFO] [CombautoFinal] - Training model for NEAR-USD (4320 candles)...
2025-12-30 04:52:31,719 [INFO] [CombautoFinal] - ✅ Model trained for NEAR-USD (AUC: 0.926)
2025-12-30 04:52:31,719 [INFO] [CombautoFinal] - Training model for ONDO-USD (4320 candles)...
2025-12-30 04:52:37,285 [INFO] [CombautoFinal] - ✅ Model trained for ONDO-USD (AUC: 0.920)
2025-12-30 04:52:37,285 [INFO] [CombautoFinal] - Training model for OP-USD (4319 candles)...
2025-12-30 04:52:45,845 [INFO] [CombautoFinal] - ✅ Model trained for OP-USD (AUC: 0.902)
2025-12-30 04:52:45,845 [INFO] [CombautoFinal] - Training model for PENDLE-USD (4303 candles)...
2025-12-30 04:52:53,182 [INFO] [CombautoFinal] - ✅ Model trained for PENDLE-USD (AUC: 0.901)
2025-12-30 04:52:53,182 [INFO] [CombautoFinal] - Training model for PEPE-USD (4307 candles)...
2025-12-30 04:53:00,221 [INFO] [CombautoFinal] - ✅ Model trained for PEPE-USD (AUC: 0.945)
2025-12-30 04:53:00,221 [INFO] [CombautoFinal] - Training model for RNDR-USD (0 candles)...
2025-12-30 04:53:00,222 [WARNING] [CombautoFinal] - Insufficient training data for RNDR-USD: 0
2025-12-30 04:53:00,222 [INFO] [CombautoFinal] - Training model for RPL-USD (4308 candles)...
2025-12-30 04:53:10,021 [INFO] [CombautoFinal] - ✅ Model trained for RPL-USD (AUC: 0.889)
2025-12-30 04:53:10,021 [INFO] [CombautoFinal] - Training model for SEI-USD (4320 candles)...
2025-12-30 04:53:16,211 [INFO] [CombautoFinal] - ✅ Model trained for SEI-USD (AUC: 0.904)
2025-12-30 04:53:16,212 [INFO] [CombautoFinal] - Training model for SHIB-USD (4320 candles)...
2025-12-30 04:53:21,516 [INFO] [CombautoFinal] - ✅ Model trained for SHIB-USD (AUC: 0.899)
2025-12-30 04:53:21,516 [INFO] [CombautoFinal] - Training model for SOL-USD (4320 candles)...
2025-12-30 04:53:26,955 [INFO] [CombautoFinal] - ✅ Model trained for SOL-USD (AUC: 0.925)
2025-12-30 04:53:26,955 [INFO] [CombautoFinal] - Training model for TAO-USD (4320 candles)...
2025-12-30 04:53:32,404 [INFO] [CombautoFinal] - ✅ Model trained for TAO-USD (AUC: 0.909)
2025-12-30 04:53:32,404 [INFO] [CombautoFinal] - Training model for TIA-USD (4320 candles)...
2025-12-30 04:53:42,189 [INFO] [CombautoFinal] - ✅ Model trained for TIA-USD (AUC: 0.895)
2025-12-30 04:53:42,190 [INFO] [CombautoFinal] - Training model for WIF-USD (4320 candles)...
2025-12-30 04:53:50,570 [INFO] [CombautoFinal] - ✅ Model trained for WIF-USD (AUC: 0.935)
2025-12-30 04:53:50,570 [INFO] [CombautoFinal] - Training model for WLD-USD (4320 candles)...
2025-12-30 04:53:58,513 [INFO] [CombautoFinal] - ✅ Model trained for WLD-USD (AUC: 0.919)
2025-12-30 04:53:58,513 [INFO] [CombautoFinal] - ✅ ML training complete: 29/30 models
2025-12-30 04:53:58,514 [INFO] [CombautoFinal] - 🚀 Starting all monitoring loops...
2025-12-30 04:53:58,515 [INFO] [CombautoFinal] - ✅ All systems running. Dual engines active...
2025-12-30 04:53:58,559 [INFO] [CombautoFinal] - ⏰ Unified trade management loop started.
2025-12-30 04:54:03,576 [INFO] [CombautoFinal] - 🔍 Dual engine analysis loop started
2025-12-30 04:54:03,577 [INFO] [CombautoFinal] - 
🔍 DUAL ENGINE ANALYSIS - 09:54:03 UTC
2025-12-30 04:54:03,577 [INFO] [CombautoFinal] - Analyzing 29 available symbols
2025-12-30 04:54:04,742 [INFO] [CombautoFinal] - 📊 AERO-USD   | Stat: 2⭐ | ML: 1⭐ | Total: 3⭐ | Monitor
2025-12-30 04:54:05,763 [INFO] [CombautoFinal] - 📊 APT-USD    | Stat: 1⭐ | ML: 1⭐ | Total: 2⭐ | Monitor
2025-12-30 04:54:06,800 [INFO] [CombautoFinal] - 📊 AVAX-USD   | Stat: 2⭐ | ML: 1⭐ | Total: 3⭐ | Monitor
2025-12-30 04:54:09,770 [INFO] [CombautoFinal] - 📊 AXS-USD    | Stat: 1⭐ | ML: 1⭐ | Total: 2⭐ | Monitor
2025-12-30 04:54:10,484 [INFO] [CombautoFinal] - 📊 BCH-USD    | Stat: 1⭐ | ML: 1⭐ | Total: 2⭐ | Monitor
2025-12-30 04:54:11,517 [INFO] [CombautoFinal] - 📊 BONK-USD   | Stat: 2⭐ | ML: 1⭐ | Total: 3⭐ | Monitor
2025-12-30 04:54:12,528 [INFO] [CombautoFinal] - 📊 FIL-USD    | Stat: 1⭐ | ML: 1⭐ | Total: 2⭐ | Monitor
2025-12-30 04:54:18,396 [INFO] [CombautoFinal] - 📊 FLOKI-USD  | Stat: 1⭐ | ML: 1⭐ | Total: 2⭐ | Monitor
2025-12-30 04:54:19,118 [INFO] [CombautoFinal] - 📊 HBAR-USD   | Stat: 2⭐ | ML: 1⭐ | Total: 3⭐ | Monitor
2025-12-30 04:54:20,489 [INFO] [CombautoFinal] - 📊 HNT-USD    | Stat: 1⭐ | ML: 1⭐ | Total: 2⭐ | Monitor
2025-12-30 04:54:21,501 [INFO] [CombautoFinal] - 📊 ICP-USD    | Stat: 2⭐ | ML: 1⭐ | Total: 3⭐ | Monitor
2025-12-30 04:54:22,817 [INFO] [CombautoFinal] - 📊 IMX-USD    | Stat: 3⭐ | ML: 1⭐ | Total: 4⭐ | Monitor
2025-12-30 04:54:23,868 [INFO] [CombautoFinal] - 📊 INJ-USD    | Stat: 2⭐ | ML: 4⭐ | Total: 6⭐ | Monitor
2025-12-30 04:54:26,527 [INFO] [CombautoFinal] - 📊 JASMY-USD  | Stat: 1⭐ | ML: 1⭐ | Total: 2⭐ | Monitor
2025-12-30 04:54:30,493 [INFO] [CombautoFinal] - 📊 LDO-USD    | Stat: 3⭐ | ML: 1⭐ | Total: 4⭐ | Monitor
2025-12-30 04:54:31,546 [INFO] [CombautoFinal] - 📊 NEAR-USD   | Stat: 2⭐ | ML: 5⭐ | Total: 7⭐ | 🔥 BUY!
2025-12-30 04:54:32,333 [INFO] [CombautoFinal] - 📊 ONDO-USD   | Stat: 1⭐ | ML: 1⭐ | Total: 2⭐ | Monitor
2025-12-30 04:54:36,088 [INFO] [CombautoFinal] - 📊 OP-USD     | Stat: 3⭐ | ML: 2⭐ | Total: 5⭐ | Monitor
2025-12-30 04:54:37,890 [INFO] [CombautoFinal] - 📊 PENDLE-USD | Stat: 1⭐ | ML: 1⭐ | Total: 2⭐ | Monitor
2025-12-30 04:54:38,900 [INFO] [CombautoFinal] - 📊 PEPE-USD   | Stat: 1⭐ | ML: 1⭐ | Total: 2⭐ | Monitor
2025-12-30 04:54:39,241 [INFO] [CombautoFinal] - 📊 RNDR-USD   | Stat: 1⭐ | ML: 2⭐ | Total: 3⭐ | Monitor
2025-12-30 04:54:41,879 [INFO] [CombautoFinal] - 📊 RPL-USD    | Stat: 3⭐ | ML: 1⭐ | Total: 4⭐ | Monitor
2025-12-30 04:54:42,900 [INFO] [CombautoFinal] - 📊 SEI-USD    | Stat: 2⭐ | ML: 1⭐ | Total: 3⭐ | Monitor
2025-12-30 04:54:43,965 [INFO] [CombautoFinal] - 📊 SHIB-USD   | Stat: 3⭐ | ML: 1⭐ | Total: 4⭐ | Monitor
2025-12-30 04:54:44,667 [INFO] [CombautoFinal] - 📊 SOL-USD    | Stat: 2⭐ | ML: 1⭐ | Total: 3⭐ | Monitor
2025-12-30 04:54:45,368 [INFO] [CombautoFinal] - 📊 TAO-USD    | Stat: 2⭐ | ML: 1⭐ | Total: 3⭐ | Monitor
2025-12-30 04:54:46,396 [INFO] [CombautoFinal] - 📊 TIA-USD    | Stat: 1⭐ | ML: 1⭐ | Total: 2⭐ | Monitor
2025-12-30 04:54:48,733 [INFO] [CombautoFinal] - 📊 WIF-USD    | Stat: 3⭐ | ML: 1⭐ | Total: 4⭐ | Monitor
2025-12-30 04:54:50,792 [INFO] [CombautoFinal] - 📊 WLD-USD    | Stat: 1⭐ | ML: 1⭐ | Total: 2⭐ | Monitor
2025-12-30 04:54:50,793 [INFO] [CombautoFinal] - 
🎯 EXECUTING BEST TRADE: NEAR-USD (7⭐)
2025-12-30 04:54:50,793 [INFO] [CombautoFinal] -    Statistical: 2⭐ | ML: 5⭐
2025-12-30 04:54:50,905 [INFO] [CombautoFinal] - NEAR-USD: Depth Filters SKIPPED. Planning slices...
2025-12-30 04:54:50,905 [INFO] [CombautoFinal] - 🔧 Initializing product details...
2025-12-30 04:54:54,117 [INFO] [CombautoFinal] - ✅ Product details initialized for 30 symbols
2025-12-30 04:54:54,118 [INFO] [CombautoFinal] - NEAR-USD: executing 4 slices tot $25.00 band [1.542135, 1.547000] depth_cap $16005.74
2025-12-30 04:54:54,118 [INFO] [CombautoFinal] - Placing GTC buy: NEAR-USD | Size: 4.042 | Price: $1.546
2025-12-30 04:54:54,287 [ERROR] [CombautoFinal] - ❌ GTC buy order failed for NEAR-USD: error: INVALID_LIMIT_PRICE_POST_ONLY
2025-12-30 04:54:54,288 [ERROR] [CombautoFinal] - Failed to place buy slice 1 for NEAR-USD
2025-12-30 04:55:09,302 [INFO] [CombautoFinal] - Placing GTC buy: NEAR-USD | Size: 4.042 | Price: $1.546
2025-12-30 04:55:09,457 [ERROR] [CombautoFinal] - ❌ GTC buy order failed for NEAR-USD: error: INVALID_LIMIT_PRICE_POST_ONLY
2025-12-30 04:55:09,458 [ERROR] [CombautoFinal] - Failed to place buy slice 2 for NEAR-USD
2025-12-30 04:55:24,464 [INFO] [CombautoFinal] - Placing GTC buy: NEAR-USD | Size: 4.042 | Price: $1.546
2025-12-30 04:55:24,605 [ERROR] [CombautoFinal] - ❌ GTC buy order failed for NEAR-USD: error: INVALID_LIMIT_PRICE_POST_ONLY
2025-12-30 04:55:24,606 [ERROR] [CombautoFinal] - Failed to place buy slice 3 for NEAR-USD
2025-12-30 04:55:39,613 [INFO] [CombautoFinal] - Placing GTC buy: NEAR-USD | Size: 4.042 | Price: $1.546
2025-12-30 04:55:39,757 [ERROR] [CombautoFinal] - ❌ GTC buy order failed for NEAR-USD: error: INVALID_LIMIT_PRICE_POST_ONLY
2025-12-30 04:55:39,758 [ERROR] [CombautoFinal] - Failed to place buy slice 4 for NEAR-USD
2025-12-30 04:55:39,759 [INFO] [CombautoFinal] - ────────────────────────────────────────────────────────────────────────────────
2025-12-30 04:55:54,888 [INFO] [CombautoFinal] - 
🔍 DUAL ENGINE ANALYSIS - 09:55:54 UTC
2025-12-30 04:55:54,889 [INFO] [CombautoFinal] - Analyzing 29 available symbols
2025-12-30 04:55:55,948 [INFO] [CombautoFinal] - 📊 AERO-USD   | Stat: 2⭐ | ML: 1⭐ | Total: 3⭐ | Monitor
2025-12-30 04:55:57,181 [INFO] [CombautoFinal] - 📊 APT-USD    | Stat: 3⭐ | ML: 1⭐ | Total: 4⭐ | Monitor
2025-12-30 04:55:58,207 [INFO] [CombautoFinal] - 📊 AVAX-USD   | Stat: 2⭐ | ML: 1⭐ | Total: 3⭐ | Monitor
2025-12-30 04:56:01,229 [INFO] [CombautoFinal] - 📊 AXS-USD    | Stat: 1⭐ | ML: 1⭐ | Total: 2⭐ | Monitor
2025-12-30 04:56:01,964 [INFO] [CombautoFinal] - 📊 BCH-USD    | Stat: 3⭐ | ML: 1⭐ | Total: 4⭐ | Monitor
2025-12-30 04:56:03,016 [INFO] [CombautoFinal] - 📊 BONK-USD   | Stat: 2⭐ | ML: 1⭐ | Total: 3⭐ | Monitor
2025-12-30 04:56:04,084 [INFO] [CombautoFinal] - 📊 FIL-USD    | Stat: 1⭐ | ML: 1⭐ | Total: 2⭐ | Monitor
2025-12-30 04:56:10,480 [INFO] [CombautoFinal] - 📊 FLOKI-USD  | Stat: 1⭐ | ML: 1⭐ | Total: 2⭐ | Monitor
2025-12-30 04:56:11,199 [INFO] [CombautoFinal] - 📊 HBAR-USD   | Stat: 2⭐ | ML: 1⭐ | Total: 3⭐ | Monitor
2025-12-30 04:56:12,549 [INFO] [CombautoFinal] - 📊 HNT-USD    | Stat: 1⭐ | ML: 1⭐ | Total: 2⭐ | Monitor
2025-12-30 04:56:13,596 [INFO] [CombautoFinal] - 📊 ICP-USD    | Stat: 1⭐ | ML: 1⭐ | Total: 2⭐ | Monitor
2025-12-30 04:56:14,982 [INFO] [CombautoFinal] - 📊 IMX-USD    | Stat: 1⭐ | ML: 1⭐ | Total: 2⭐ | Monitor
2025-12-30 04:56:15,994 [INFO] [CombautoFinal] - 📊 INJ-USD    | Stat: 2⭐ | ML: 4⭐ | Total: 6⭐ | Monitor
2025-12-30 04:56:18,647 [INFO] [CombautoFinal] - 📊 JASMY-USD  | Stat: 1⭐ | ML: 1⭐ | Total: 2⭐ | Monitor
2025-12-30 04:56:22,661 [INFO] [CombautoFinal] - 📊 LDO-USD    | Stat: 3⭐ | ML: 1⭐ | Total: 4⭐ | Monitor
2025-12-30 04:56:23,666 [INFO] [CombautoFinal] - 📊 NEAR-USD   | Stat: 2⭐ | ML: 1⭐ | Total: 3⭐ | Monitor
2025-12-30 04:56:24,459 [INFO] [CombautoFinal] - 📊 ONDO-USD   | Stat: 1⭐ | ML: 1⭐ | Total: 2⭐ | Monitor
2025-12-30 04:56:28,028 [INFO] [CombautoFinal] - 📊 OP-USD     | Stat: 3⭐ | ML: 2⭐ | Total: 5⭐ | Monitor
2025-12-30 04:56:29,697 [INFO] [CombautoFinal] - 📊 PENDLE-USD | Stat: 1⭐ | ML: 1⭐ | Total: 2⭐ | Monitor
2025-12-30 04:56:30,718 [INFO] [CombautoFinal] - 📊 PEPE-USD   | Stat: 1⭐ | ML: 1⭐ | Total: 2⭐ | Monitor
2025-12-30 04:56:31,070 [INFO] [CombautoFinal] - 📊 RNDR-USD   | Stat: 1⭐ | ML: 2⭐ | Total: 3⭐ | Monitor
2025-12-30 04:56:33,800 [INFO] [CombautoFinal] - 📊 RPL-USD    | Stat: 3⭐ | ML: 1⭐ | Total: 4⭐ | Monitor
2025-12-30 04:56:34,831 [INFO] [CombautoFinal] - 📊 SEI-USD    | Stat: 2⭐ | ML: 1⭐ | Total: 3⭐ | Monitor
2025-12-30 04:56:35,865 [INFO] [CombautoFinal] - 📊 SHIB-USD   | Stat: 1⭐ | ML: 1⭐ | Total: 2⭐ | Monitor
2025-12-30 04:56:37,033 [INFO] [CombautoFinal] - 📊 SOL-USD    | Stat: 2⭐ | ML: 1⭐ | Total: 3⭐ | Monitor
2025-12-30 04:56:37,728 [INFO] [CombautoFinal] - 📊 TAO-USD    | Stat: 1⭐ | ML: 1⭐ | Total: 2⭐ | Monitor
2025-12-30 04:56:38,800 [INFO] [CombautoFinal] - 📊 TIA-USD    | Stat: 3⭐ | ML: 1⭐ | Total: 4⭐ | Monitor
2025-12-30 04:56:41,105 [INFO] [CombautoFinal] - 📊 WIF-USD    | Stat: 3⭐ | ML: 1⭐ | Total: 4⭐ | Monitor
2025-12-30 04:56:43,433 [INFO] [CombautoFinal] - 📊 WLD-USD    | Stat: 3⭐ | ML: 1⭐ | Total: 4⭐ | Monitor
2025-12-30 04:56:43,433 [INFO] [CombautoFinal] - 📈 No signals above threshold - continuing analysis
2025-12-30 04:56:43,434 [INFO] [CombautoFinal] - ────────────────────────────────────────────────────────────────────────────────
2025-12-30 04:56:58,576 [INFO] [CombautoFinal] - 
🔍 DUAL ENGINE ANALYSIS - 09:56:58 UTC
2025-12-30 04:56:58,577 [INFO] [CombautoFinal] - Analyzing 29 available symbols
2025-12-30 04:56:59,648 [INFO] [CombautoFinal] - 📊 AERO-USD   | Stat: 1⭐ | ML: 1⭐ | Total: 2⭐ | Monitor
2025-12-30 04:57:00,681 [INFO] [CombautoFinal] - 📊 APT-USD    | Stat: 1⭐ | ML: 1⭐ | Total: 2⭐ | Monitor
2025-12-30 04:57:01,696 [INFO] [CombautoFinal] - 📊 AVAX-USD   | Stat: 2⭐ | ML: 1⭐ | Total: 3⭐ | Monitor
2025-12-30 04:57:04,634 [INFO] [CombautoFinal] - 📊 AXS-USD    | Stat: 1⭐ | ML: 1⭐ | Total: 2⭐ | Monitor
2025-12-30 04:57:05,349 [INFO] [CombautoFinal] - 📊 BCH-USD    | Stat: 1⭐ | ML: 1⭐ | Total: 2⭐ | Monitor
2025-12-30 04:57:06,399 [INFO] [CombautoFinal] - 📊 BONK-USD   | Stat: 1⭐ | ML: 1⭐ | Total: 2⭐ | Monitor
2025-12-30 04:57:07,435 [INFO] [CombautoFinal] - 📊 FIL-USD    | Stat: 1⭐ | ML: 1⭐ | Total: 2⭐ | Monitor
2025-12-30 04:57:10,382 [INFO] [CombautoFinal] - 🔄 Shutting down...
2025-12-30 04:57:10,395 [INFO] [CombautoFinal] - ✅ CombautoFinal shutdown complete
2025-12-30 04:57:10,486 [INFO] [CombautoFinal] - 
🛑 KeyboardInterrupt before event loop start - terminating.
2025-12-30 04:57:10,487 [INFO] [CombautoFinal] - ✅ Main execution finished.
